2025-11-05 02:02:41 [main] INFO  c.lab6.dao.CompositeFunctionDAOTest - Подключаемся к H2 с эмуляцией PostgreSQL и создаём таблицы.
2025-11-05 02:02:42 [main] INFO  c.lab6.dao.CompositeFunctionDAOTest - Таблицы созданы, пользователи вставлены: 1, 2
2025-11-05 02:02:42 [main] INFO  c.lab6.dao.CompositeFunctionDAOTest - Тестируем создание, поиск, обновление и удаление CompositeFunction.
2025-11-05 02:02:42 [main] INFO  c.lab6.dao.CompositeFunctionDAOTest - Очищаем таблицы после каждого теста.
2025-11-05 02:02:42 [main] INFO  c.lab6.dao.CompositeFunctionDAOTest - Закрываем соединение.
2025-11-05 02:02:42 [main] INFO  c.lab6.dao.CompositeFunctionDAOTest - Подключаемся к H2 с эмуляцией PostgreSQL и создаём таблицы.
2025-11-05 02:02:42 [main] INFO  c.lab6.dao.CompositeFunctionDAOTest - Таблицы созданы, пользователи вставлены: 3, 4
2025-11-05 02:02:42 [main] INFO  c.lab6.dao.CompositeFunctionDAOTest - Очищаем таблицы после каждого теста.
2025-11-05 02:02:42 [main] INFO  c.lab6.dao.CompositeFunctionDAOTest - Закрываем соединение.
2025-11-05 02:02:42 [main] INFO  c.lab6.dao.CompositeFunctionDAOTest - Подключаемся к H2 с эмуляцией PostgreSQL и создаём таблицы.
2025-11-05 02:02:42 [main] INFO  c.lab6.dao.CompositeFunctionDAOTest - Таблицы созданы, пользователи вставлены: 5, 6
2025-11-05 02:02:42 [main] INFO  c.lab6.dao.CompositeFunctionDAOTest - Очищаем таблицы после каждого теста.
2025-11-05 02:02:42 [main] INFO  c.lab6.dao.CompositeFunctionDAOTest - Закрываем соединение.
2025-11-05 02:02:42 [main] INFO  c.lab6.dao.CompositeFunctionDAOTest - Подключаемся к H2 с эмуляцией PostgreSQL и создаём таблицы.
2025-11-05 02:02:42 [main] INFO  c.lab6.dao.CompositeFunctionDAOTest - Таблицы созданы, пользователи вставлены: 7, 8
2025-11-05 02:02:42 [main] INFO  c.lab6.dao.CompositeFunctionDAOTest - Очищаем таблицы после каждого теста.
2025-11-05 02:02:42 [main] INFO  c.lab6.dao.CompositeFunctionDAOTest - Закрываем соединение.
2025-11-05 02:02:42 [main] INFO  com.lab6.dao.PointsDAOTest - Подключаемся к H2 с эмуляцией PostgreSQL.
2025-11-05 02:02:42 [main] INFO  com.lab6.dao.PointsDAOTest - Создаём таблицы.
2025-11-05 02:02:42 [main] INFO  com.lab6.dao.PointsDAOTest - Таблицы созданы.
2025-11-05 02:02:42 [main] INFO  com.lab6.dao.PointsDAOTest - Создаём пользователя для БД.
2025-11-05 02:02:42 [main] INFO  com.lab6.dao.PointsDAOTest - Создаём функцию для БД.
2025-11-05 02:02:42 [main] INFO  com.lab6.dao.PointsDAOTest - Закрываем соединение после каждого теста.
2025-11-05 02:02:42 [main] INFO  com.lab6.dao.PointsDAOTest - Подключаемся к H2 с эмуляцией PostgreSQL.
2025-11-05 02:02:42 [main] INFO  com.lab6.dao.PointsDAOTest - Создаём таблицы.
2025-11-05 02:02:42 [main] INFO  com.lab6.dao.PointsDAOTest - Таблицы созданы.
2025-11-05 02:02:42 [main] INFO  com.lab6.dao.PointsDAOTest - Создаём пользователя для БД.
2025-11-05 02:02:42 [main] INFO  com.lab6.dao.PointsDAOTest - Создаём функцию для БД.
2025-11-05 02:02:42 [main] INFO  com.lab6.dao.PointsDAOTest - Тестируются создание в БД точек, поиск их по id, имени, изменение данных у них и удаление их из БД.
2025-11-05 02:02:42 [main] INFO  com.lab6.dao.PointsDAOTest - Закрываем соединение после каждого теста.
2025-11-05 02:02:42 [main] INFO  com.lab6.dao.PointsDAOTest - Подключаемся к H2 с эмуляцией PostgreSQL.
2025-11-05 02:02:42 [main] INFO  com.lab6.dao.PointsDAOTest - Создаём таблицы.
2025-11-05 02:02:42 [main] INFO  com.lab6.dao.PointsDAOTest - Таблицы созданы.
2025-11-05 02:02:42 [main] INFO  com.lab6.dao.PointsDAOTest - Создаём пользователя для БД.
2025-11-05 02:02:42 [main] INFO  com.lab6.dao.PointsDAOTest - Создаём функцию для БД.
2025-11-05 02:02:42 [main] INFO  com.lab6.dao.PointsDAOTest - Закрываем соединение после каждого теста.
2025-11-05 02:02:42 [main] INFO  com.lab6.dao.PointsDAOTest - Подключаемся к H2 с эмуляцией PostgreSQL.
2025-11-05 02:02:42 [main] INFO  com.lab6.dao.PointsDAOTest - Создаём таблицы.
2025-11-05 02:02:42 [main] INFO  com.lab6.dao.PointsDAOTest - Таблицы созданы.
2025-11-05 02:02:42 [main] INFO  com.lab6.dao.PointsDAOTest - Создаём пользователя для БД.
2025-11-05 02:02:42 [main] INFO  com.lab6.dao.PointsDAOTest - Создаём функцию для БД.
2025-11-05 02:02:42 [main] INFO  com.lab6.dao.PointsDAOTest - Закрываем соединение после каждого теста.
2025-11-05 02:02:42 [main] INFO  com.lab6.dao.FunctionDAOTest - Подключаемся к H2 с эмуляцией PostgreSQL.
2025-11-05 02:02:42 [main] INFO  com.lab6.dao.FunctionDAOTest - Создаём таблицы.
2025-11-05 02:02:42 [main] INFO  com.lab6.dao.FunctionDAOTest - Таблицы созданы.
2025-11-05 02:02:42 [main] INFO  com.lab6.dao.FunctionDAOTest - Создаём пользователей для БД.
2025-11-05 02:02:42 [main] INFO  com.lab6.dao.FunctionDAOTest - Тестируются создание в БД функций, поиск их по id, имени, изменение данных у них и удаление их из БД.
2025-11-05 02:02:42 [main] INFO  com.lab6.dao.FunctionDAOTest - Закрываем соединение после каждого теста.
2025-11-05 02:02:42 [main] INFO  com.lab6.dao.FunctionDAOTest - Подключаемся к H2 с эмуляцией PostgreSQL.
2025-11-05 02:02:42 [main] INFO  com.lab6.dao.FunctionDAOTest - Создаём таблицы.
2025-11-05 02:02:42 [main] INFO  com.lab6.dao.FunctionDAOTest - Таблицы созданы.
2025-11-05 02:02:42 [main] INFO  com.lab6.dao.FunctionDAOTest - Создаём пользователей для БД.
2025-11-05 02:02:42 [main] INFO  com.lab6.dao.FunctionDAOTest - Закрываем соединение после каждого теста.
2025-11-05 02:02:42 [main] INFO  com.lab6.dao.UserDAOTest - Подключаемся к H2 с эмуляцией PostgreSQL.
2025-11-05 02:02:42 [main] INFO  com.lab6.dao.UserDAOTest - Тестируются создание в БД пользователя, поиск его по id и имени, изменение данных у него и удаление его из БД.
2025-11-05 02:02:42 [main] INFO  com.lab6.dao.UserDAOTest - Создаём пользователя для БД.
2025-11-05 02:02:42 [main] INFO  com.lab6.dao.UserDAOTest - Пользователь создан.
2025-11-05 02:02:42 [main] INFO  com.lab6.dao.UserDAOTest - Закрываем соединение после каждого теста.
2025-11-05 02:02:42 [main] INFO  com.lab6.dao.UserDAOTest - Подключаемся к H2 с эмуляцией PostgreSQL.
2025-11-05 02:02:42 [main] INFO  com.lab6.dao.UserDAOTest - Создаём пользователя для БД.
2025-11-05 02:02:42 [main] INFO  com.lab6.dao.UserDAOTest - Пользователь создан.
2025-11-05 02:02:42 [main] INFO  com.lab6.dao.UserDAOTest - Создаём пользователя для БД.
2025-11-05 02:02:42 [main] INFO  com.lab6.dao.UserDAOTest - Пользователь создан.
2025-11-05 02:02:42 [main] INFO  com.lab6.dao.UserDAOTest - Создаём пользователя для БД.
2025-11-05 02:02:42 [main] INFO  com.lab6.dao.UserDAOTest - Пользователь создан.
2025-11-05 02:02:42 [main] INFO  com.lab6.dao.UserDAOTest - Создаём пользователя для БД.
2025-11-05 02:02:42 [main] INFO  com.lab6.dao.UserDAOTest - Пользователь создан.
2025-11-05 02:02:42 [main] INFO  com.lab6.dao.UserDAOTest - Создаём пользователя для БД.
2025-11-05 02:02:42 [main] INFO  com.lab6.dao.UserDAOTest - Пользователь создан.
2025-11-05 02:02:42 [main] INFO  com.lab6.dao.UserDAOTest - Создаём пользователя для БД.
2025-11-05 02:02:42 [main] INFO  com.lab6.dao.UserDAOTest - Пользователь создан.
2025-11-05 02:02:42 [main] INFO  com.lab6.dao.UserDAOTest - Закрываем соединение после каждого теста.
2025-11-05 02:02:42 [main] INFO  com.lab6.dao.UserDAOTest - Подключаемся к H2 с эмуляцией PostgreSQL.
2025-11-05 02:02:42 [main] INFO  com.lab6.dao.UserDAOTest - Закрываем соединение после каждого теста.
2025-11-05 02:02:42 [main] INFO  com.lab6.dao.UserDAOTest - Подключаемся к H2 с эмуляцией PostgreSQL.
2025-11-05 02:02:42 [main] INFO  com.lab6.dao.UserDAOTest - Создаём пользователя для БД.
2025-11-05 02:02:42 [main] INFO  com.lab6.dao.UserDAOTest - Пользователь создан.
2025-11-05 02:02:42 [main] INFO  com.lab6.dao.UserDAOTest - Создаём пользователя для БД.
2025-11-05 02:02:42 [main] INFO  com.lab6.dao.UserDAOTest - Пользователь создан.
2025-11-05 02:02:42 [main] INFO  com.lab6.dao.UserDAOTest - Закрываем соединение после каждого теста.
2025-11-05 02:02:49 [main] INFO  com.lab6.MapperTest - Запускаются тесты.
2025-11-05 02:02:49 [main] INFO  com.lab6.MapperTest - Тесты завершились.
2025-11-11 21:32:56 [main] INFO  c.l.i.TabulatedFunctionFileOutputStream - Запущена программа записи табулированных функций из файла.
2025-11-11 21:32:56 [main] ERROR c.l.i.TabulatedFunctionFileOutputStream - Ошибка при записи в файлы.
java.io.FileNotFoundException: output\array function.bin (Системе не удается найти указанный путь)
	at java.base/java.io.FileOutputStream.open0(Native Method)
	at java.base/java.io.FileOutputStream.open(FileOutputStream.java:289)
	at java.base/java.io.FileOutputStream.<init>(FileOutputStream.java:230)
	at java.base/java.io.FileOutputStream.<init>(FileOutputStream.java:118)
	at com.lab7.io.TabulatedFunctionFileOutputStream.main(TabulatedFunctionFileOutputStream.java:17)
	at com.lab7.io.TabulatedFunctionFileOutputStreamTest.mainTest(TabulatedFunctionFileOutputStreamTest.java:8)
	at java.base/jdk.internal.reflect.DirectMethodHandleAccessor.invoke(DirectMethodHandleAccessor.java:103)
	at java.base/java.lang.reflect.Method.invoke(Method.java:580)
	at org.junit.platform.commons.util.ReflectionUtils.invokeMethod(ReflectionUtils.java:728)
	at org.junit.jupiter.engine.execution.MethodInvocation.proceed(MethodInvocation.java:60)
	at org.junit.jupiter.engine.execution.InvocationInterceptorChain$ValidatingInvocation.proceed(InvocationInterceptorChain.java:131)
	at org.junit.jupiter.engine.extension.TimeoutExtension.intercept(TimeoutExtension.java:156)
	at org.junit.jupiter.engine.extension.TimeoutExtension.interceptTestableMethod(TimeoutExtension.java:147)
	at org.junit.jupiter.engine.extension.TimeoutExtension.interceptTestMethod(TimeoutExtension.java:86)
	at org.junit.jupiter.engine.execution.InterceptingExecutableInvoker$ReflectiveInterceptorCall.lambda$ofVoidMethod$0(InterceptingExecutableInvoker.java:103)
	at org.junit.jupiter.engine.execution.InterceptingExecutableInvoker.lambda$invoke$0(InterceptingExecutableInvoker.java:93)
	at org.junit.jupiter.engine.execution.InvocationInterceptorChain$InterceptedInvocation.proceed(InvocationInterceptorChain.java:106)
	at org.junit.jupiter.engine.execution.InvocationInterceptorChain.proceed(InvocationInterceptorChain.java:64)
	at org.junit.jupiter.engine.execution.InvocationInterceptorChain.chainAndInvoke(InvocationInterceptorChain.java:45)
	at org.junit.jupiter.engine.execution.InvocationInterceptorChain.invoke(InvocationInterceptorChain.java:37)
	at org.junit.jupiter.engine.execution.InterceptingExecutableInvoker.invoke(InterceptingExecutableInvoker.java:92)
	at org.junit.jupiter.engine.execution.InterceptingExecutableInvoker.invoke(InterceptingExecutableInvoker.java:86)
	at org.junit.jupiter.engine.descriptor.TestMethodTestDescriptor.lambda$invokeTestMethod$7(TestMethodTestDescriptor.java:217)
	at org.junit.platform.engine.support.hierarchical.ThrowableCollector.execute(ThrowableCollector.java:73)
	at org.junit.jupiter.engine.descriptor.TestMethodTestDescriptor.invokeTestMethod(TestMethodTestDescriptor.java:213)
	at org.junit.jupiter.engine.descriptor.TestMethodTestDescriptor.execute(TestMethodTestDescriptor.java:138)
	at org.junit.jupiter.engine.descriptor.TestMethodTestDescriptor.execute(TestMethodTestDescriptor.java:68)
	at org.junit.platform.engine.support.hierarchical.NodeTestTask.lambda$executeRecursively$6(NodeTestTask.java:151)
	at org.junit.platform.engine.support.hierarchical.ThrowableCollector.execute(ThrowableCollector.java:73)
	at org.junit.platform.engine.support.hierarchical.NodeTestTask.lambda$executeRecursively$8(NodeTestTask.java:141)
	at org.junit.platform.engine.support.hierarchical.Node.around(Node.java:137)
	at org.junit.platform.engine.support.hierarchical.NodeTestTask.lambda$executeRecursively$9(NodeTestTask.java:139)
	at org.junit.platform.engine.support.hierarchical.ThrowableCollector.execute(ThrowableCollector.java:73)
	at org.junit.platform.engine.support.hierarchical.NodeTestTask.executeRecursively(NodeTestTask.java:138)
	at org.junit.platform.engine.support.hierarchical.NodeTestTask.execute(NodeTestTask.java:95)
	at java.base/java.util.ArrayList.forEach(ArrayList.java:1596)
	at org.junit.platform.engine.support.hierarchical.SameThreadHierarchicalTestExecutorService.invokeAll(SameThreadHierarchicalTestExecutorService.java:41)
	at org.junit.platform.engine.support.hierarchical.NodeTestTask.lambda$executeRecursively$6(NodeTestTask.java:155)
	at org.junit.platform.engine.support.hierarchical.ThrowableCollector.execute(ThrowableCollector.java:73)
	at org.junit.platform.engine.support.hierarchical.NodeTestTask.lambda$executeRecursively$8(NodeTestTask.java:141)
	at org.junit.platform.engine.support.hierarchical.Node.around(Node.java:137)
	at org.junit.platform.engine.support.hierarchical.NodeTestTask.lambda$executeRecursively$9(NodeTestTask.java:139)
	at org.junit.platform.engine.support.hierarchical.ThrowableCollector.execute(ThrowableCollector.java:73)
	at org.junit.platform.engine.support.hierarchical.NodeTestTask.executeRecursively(NodeTestTask.java:138)
	at org.junit.platform.engine.support.hierarchical.NodeTestTask.execute(NodeTestTask.java:95)
	at java.base/java.util.ArrayList.forEach(ArrayList.java:1596)
	at org.junit.platform.engine.support.hierarchical.SameThreadHierarchicalTestExecutorService.invokeAll(SameThreadHierarchicalTestExecutorService.java:41)
	at org.junit.platform.engine.support.hierarchical.NodeTestTask.lambda$executeRecursively$6(NodeTestTask.java:155)
	at org.junit.platform.engine.support.hierarchical.ThrowableCollector.execute(ThrowableCollector.java:73)
	at org.junit.platform.engine.support.hierarchical.NodeTestTask.lambda$executeRecursively$8(NodeTestTask.java:141)
	at org.junit.platform.engine.support.hierarchical.Node.around(Node.java:137)
	at org.junit.platform.engine.support.hierarchical.NodeTestTask.lambda$executeRecursively$9(NodeTestTask.java:139)
	at org.junit.platform.engine.support.hierarchical.ThrowableCollector.execute(ThrowableCollector.java:73)
	at org.junit.platform.engine.support.hierarchical.NodeTestTask.executeRecursively(NodeTestTask.java:138)
	at org.junit.platform.engine.support.hierarchical.NodeTestTask.execute(NodeTestTask.java:95)
	at org.junit.platform.engine.support.hierarchical.SameThreadHierarchicalTestExecutorService.submit(SameThreadHierarchicalTestExecutorService.java:35)
	at org.junit.platform.engine.support.hierarchical.HierarchicalTestExecutor.execute(HierarchicalTestExecutor.java:57)
	at org.junit.platform.engine.support.hierarchical.HierarchicalTestEngine.execute(HierarchicalTestEngine.java:54)
	at org.junit.platform.launcher.core.EngineExecutionOrchestrator.execute(EngineExecutionOrchestrator.java:198)
	at org.junit.platform.launcher.core.EngineExecutionOrchestrator.execute(EngineExecutionOrchestrator.java:169)
	at org.junit.platform.launcher.core.EngineExecutionOrchestrator.execute(EngineExecutionOrchestrator.java:93)
	at org.junit.platform.launcher.core.EngineExecutionOrchestrator.lambda$execute$0(EngineExecutionOrchestrator.java:58)
	at org.junit.platform.launcher.core.EngineExecutionOrchestrator.withInterceptedStreams(EngineExecutionOrchestrator.java:141)
	at org.junit.platform.launcher.core.EngineExecutionOrchestrator.execute(EngineExecutionOrchestrator.java:57)
	at org.junit.platform.launcher.core.DefaultLauncher.execute(DefaultLauncher.java:103)
	at org.junit.platform.launcher.core.DefaultLauncher.execute(DefaultLauncher.java:85)
	at org.junit.platform.launcher.core.DelegatingLauncher.execute(DelegatingLauncher.java:47)
	at org.junit.platform.launcher.core.SessionPerRequestLauncher.execute(SessionPerRequestLauncher.java:63)
	at com.intellij.junit5.JUnit5IdeaTestRunner.startRunnerWithArgs(JUnit5IdeaTestRunner.java:66)
	at com.intellij.rt.junit.IdeaTestRunner$Repeater$1.execute(IdeaTestRunner.java:38)
	at com.intellij.rt.execution.junit.TestsRepeater.repeat(TestsRepeater.java:11)
	at com.intellij.rt.junit.IdeaTestRunner$Repeater.startRunnerWithArgs(IdeaTestRunner.java:35)
	at com.intellij.rt.junit.JUnitStarter.prepareStreamsAndStart(JUnitStarter.java:231)
	at com.intellij.rt.junit.JUnitStarter.main(JUnitStarter.java:55)
2025-11-11 21:32:56 [main] INFO  c.l.i.TabulatedFunctionFileOutputStream - Программа завершила свою работу.
2025-11-11 21:32:56 [main] INFO  c.l.io.TabulatedFunctionFileReader - Запущена программа чтения табулированных функций из файла.
2025-11-11 21:32:56 [main] ERROR c.l.io.TabulatedFunctionFileReader - Ошибка при чтении функций из файла.
java.io.FileNotFoundException: input\function.txt (Системе не удается найти указанный путь)
	at java.base/java.io.FileInputStream.open0(Native Method)
	at java.base/java.io.FileInputStream.open(FileInputStream.java:213)
	at java.base/java.io.FileInputStream.<init>(FileInputStream.java:152)
	at java.base/java.io.FileInputStream.<init>(FileInputStream.java:106)
	at java.base/java.io.FileReader.<init>(FileReader.java:60)
	at com.lab7.io.TabulatedFunctionFileReader.main(TabulatedFunctionFileReader.java:18)
	at com.lab7.io.TabulatedFunctionFileReaderTest.mainTest(TabulatedFunctionFileReaderTest.java:8)
	at java.base/jdk.internal.reflect.DirectMethodHandleAccessor.invoke(DirectMethodHandleAccessor.java:103)
	at java.base/java.lang.reflect.Method.invoke(Method.java:580)
	at org.junit.platform.commons.util.ReflectionUtils.invokeMethod(ReflectionUtils.java:728)
	at org.junit.jupiter.engine.execution.MethodInvocation.proceed(MethodInvocation.java:60)
	at org.junit.jupiter.engine.execution.InvocationInterceptorChain$ValidatingInvocation.proceed(InvocationInterceptorChain.java:131)
	at org.junit.jupiter.engine.extension.TimeoutExtension.intercept(TimeoutExtension.java:156)
	at org.junit.jupiter.engine.extension.TimeoutExtension.interceptTestableMethod(TimeoutExtension.java:147)
	at org.junit.jupiter.engine.extension.TimeoutExtension.interceptTestMethod(TimeoutExtension.java:86)
	at org.junit.jupiter.engine.execution.InterceptingExecutableInvoker$ReflectiveInterceptorCall.lambda$ofVoidMethod$0(InterceptingExecutableInvoker.java:103)
	at org.junit.jupiter.engine.execution.InterceptingExecutableInvoker.lambda$invoke$0(InterceptingExecutableInvoker.java:93)
	at org.junit.jupiter.engine.execution.InvocationInterceptorChain$InterceptedInvocation.proceed(InvocationInterceptorChain.java:106)
	at org.junit.jupiter.engine.execution.InvocationInterceptorChain.proceed(InvocationInterceptorChain.java:64)
	at org.junit.jupiter.engine.execution.InvocationInterceptorChain.chainAndInvoke(InvocationInterceptorChain.java:45)
	at org.junit.jupiter.engine.execution.InvocationInterceptorChain.invoke(InvocationInterceptorChain.java:37)
	at org.junit.jupiter.engine.execution.InterceptingExecutableInvoker.invoke(InterceptingExecutableInvoker.java:92)
	at org.junit.jupiter.engine.execution.InterceptingExecutableInvoker.invoke(InterceptingExecutableInvoker.java:86)
	at org.junit.jupiter.engine.descriptor.TestMethodTestDescriptor.lambda$invokeTestMethod$7(TestMethodTestDescriptor.java:217)
	at org.junit.platform.engine.support.hierarchical.ThrowableCollector.execute(ThrowableCollector.java:73)
	at org.junit.jupiter.engine.descriptor.TestMethodTestDescriptor.invokeTestMethod(TestMethodTestDescriptor.java:213)
	at org.junit.jupiter.engine.descriptor.TestMethodTestDescriptor.execute(TestMethodTestDescriptor.java:138)
	at org.junit.jupiter.engine.descriptor.TestMethodTestDescriptor.execute(TestMethodTestDescriptor.java:68)
	at org.junit.platform.engine.support.hierarchical.NodeTestTask.lambda$executeRecursively$6(NodeTestTask.java:151)
	at org.junit.platform.engine.support.hierarchical.ThrowableCollector.execute(ThrowableCollector.java:73)
	at org.junit.platform.engine.support.hierarchical.NodeTestTask.lambda$executeRecursively$8(NodeTestTask.java:141)
	at org.junit.platform.engine.support.hierarchical.Node.around(Node.java:137)
	at org.junit.platform.engine.support.hierarchical.NodeTestTask.lambda$executeRecursively$9(NodeTestTask.java:139)
	at org.junit.platform.engine.support.hierarchical.ThrowableCollector.execute(ThrowableCollector.java:73)
	at org.junit.platform.engine.support.hierarchical.NodeTestTask.executeRecursively(NodeTestTask.java:138)
	at org.junit.platform.engine.support.hierarchical.NodeTestTask.execute(NodeTestTask.java:95)
	at java.base/java.util.ArrayList.forEach(ArrayList.java:1596)
	at org.junit.platform.engine.support.hierarchical.SameThreadHierarchicalTestExecutorService.invokeAll(SameThreadHierarchicalTestExecutorService.java:41)
	at org.junit.platform.engine.support.hierarchical.NodeTestTask.lambda$executeRecursively$6(NodeTestTask.java:155)
	at org.junit.platform.engine.support.hierarchical.ThrowableCollector.execute(ThrowableCollector.java:73)
	at org.junit.platform.engine.support.hierarchical.NodeTestTask.lambda$executeRecursively$8(NodeTestTask.java:141)
	at org.junit.platform.engine.support.hierarchical.Node.around(Node.java:137)
	at org.junit.platform.engine.support.hierarchical.NodeTestTask.lambda$executeRecursively$9(NodeTestTask.java:139)
	at org.junit.platform.engine.support.hierarchical.ThrowableCollector.execute(ThrowableCollector.java:73)
	at org.junit.platform.engine.support.hierarchical.NodeTestTask.executeRecursively(NodeTestTask.java:138)
	at org.junit.platform.engine.support.hierarchical.NodeTestTask.execute(NodeTestTask.java:95)
	at java.base/java.util.ArrayList.forEach(ArrayList.java:1596)
	at org.junit.platform.engine.support.hierarchical.SameThreadHierarchicalTestExecutorService.invokeAll(SameThreadHierarchicalTestExecutorService.java:41)
	at org.junit.platform.engine.support.hierarchical.NodeTestTask.lambda$executeRecursively$6(NodeTestTask.java:155)
	at org.junit.platform.engine.support.hierarchical.ThrowableCollector.execute(ThrowableCollector.java:73)
	at org.junit.platform.engine.support.hierarchical.NodeTestTask.lambda$executeRecursively$8(NodeTestTask.java:141)
	at org.junit.platform.engine.support.hierarchical.Node.around(Node.java:137)
	at org.junit.platform.engine.support.hierarchical.NodeTestTask.lambda$executeRecursively$9(NodeTestTask.java:139)
	at org.junit.platform.engine.support.hierarchical.ThrowableCollector.execute(ThrowableCollector.java:73)
	at org.junit.platform.engine.support.hierarchical.NodeTestTask.executeRecursively(NodeTestTask.java:138)
	at org.junit.platform.engine.support.hierarchical.NodeTestTask.execute(NodeTestTask.java:95)
	at org.junit.platform.engine.support.hierarchical.SameThreadHierarchicalTestExecutorService.submit(SameThreadHierarchicalTestExecutorService.java:35)
	at org.junit.platform.engine.support.hierarchical.HierarchicalTestExecutor.execute(HierarchicalTestExecutor.java:57)
	at org.junit.platform.engine.support.hierarchical.HierarchicalTestEngine.execute(HierarchicalTestEngine.java:54)
	at org.junit.platform.launcher.core.EngineExecutionOrchestrator.execute(EngineExecutionOrchestrator.java:198)
	at org.junit.platform.launcher.core.EngineExecutionOrchestrator.execute(EngineExecutionOrchestrator.java:169)
	at org.junit.platform.launcher.core.EngineExecutionOrchestrator.execute(EngineExecutionOrchestrator.java:93)
	at org.junit.platform.launcher.core.EngineExecutionOrchestrator.lambda$execute$0(EngineExecutionOrchestrator.java:58)
	at org.junit.platform.launcher.core.EngineExecutionOrchestrator.withInterceptedStreams(EngineExecutionOrchestrator.java:141)
	at org.junit.platform.launcher.core.EngineExecutionOrchestrator.execute(EngineExecutionOrchestrator.java:57)
	at org.junit.platform.launcher.core.DefaultLauncher.execute(DefaultLauncher.java:103)
	at org.junit.platform.launcher.core.DefaultLauncher.execute(DefaultLauncher.java:85)
	at org.junit.platform.launcher.core.DelegatingLauncher.execute(DelegatingLauncher.java:47)
	at org.junit.platform.launcher.core.SessionPerRequestLauncher.execute(SessionPerRequestLauncher.java:63)
	at com.intellij.junit5.JUnit5IdeaTestRunner.startRunnerWithArgs(JUnit5IdeaTestRunner.java:66)
	at com.intellij.rt.junit.IdeaTestRunner$Repeater$1.execute(IdeaTestRunner.java:38)
	at com.intellij.rt.execution.junit.TestsRepeater.repeat(TestsRepeater.java:11)
	at com.intellij.rt.junit.IdeaTestRunner$Repeater.startRunnerWithArgs(IdeaTestRunner.java:35)
	at com.intellij.rt.junit.JUnitStarter.prepareStreamsAndStart(JUnitStarter.java:231)
	at com.intellij.rt.junit.JUnitStarter.main(JUnitStarter.java:55)
2025-11-11 21:32:56 [main] INFO  c.l.io.TabulatedFunctionFileReader - Программа завершила свою работу.
2025-11-11 21:32:56 [main] INFO  c.l.i.TabulatedFunctionFileInputStream - Запущена программа чтения табулированных функций из файла.
2025-11-11 21:32:56 [main] ERROR c.l.i.TabulatedFunctionFileInputStream - Ошибка при чтении функций из файла.
java.io.FileNotFoundException: input\binary function.bin (Системе не удается найти указанный путь)
	at java.base/java.io.FileInputStream.open0(Native Method)
	at java.base/java.io.FileInputStream.open(FileInputStream.java:213)
	at java.base/java.io.FileInputStream.<init>(FileInputStream.java:152)
	at java.base/java.io.FileInputStream.<init>(FileInputStream.java:106)
	at com.lab7.io.TabulatedFunctionFileInputStream.main(TabulatedFunctionFileInputStream.java:18)
	at com.lab7.io.TabulatedFunctionFileInputStreamTest.mainTest(TabulatedFunctionFileInputStreamTest.java:14)
	at java.base/jdk.internal.reflect.DirectMethodHandleAccessor.invoke(DirectMethodHandleAccessor.java:103)
	at java.base/java.lang.reflect.Method.invoke(Method.java:580)
	at org.junit.platform.commons.util.ReflectionUtils.invokeMethod(ReflectionUtils.java:728)
	at org.junit.jupiter.engine.execution.MethodInvocation.proceed(MethodInvocation.java:60)
	at org.junit.jupiter.engine.execution.InvocationInterceptorChain$ValidatingInvocation.proceed(InvocationInterceptorChain.java:131)
	at org.junit.jupiter.engine.extension.TimeoutExtension.intercept(TimeoutExtension.java:156)
	at org.junit.jupiter.engine.extension.TimeoutExtension.interceptTestableMethod(TimeoutExtension.java:147)
	at org.junit.jupiter.engine.extension.TimeoutExtension.interceptTestMethod(TimeoutExtension.java:86)
	at org.junit.jupiter.engine.execution.InterceptingExecutableInvoker$ReflectiveInterceptorCall.lambda$ofVoidMethod$0(InterceptingExecutableInvoker.java:103)
	at org.junit.jupiter.engine.execution.InterceptingExecutableInvoker.lambda$invoke$0(InterceptingExecutableInvoker.java:93)
	at org.junit.jupiter.engine.execution.InvocationInterceptorChain$InterceptedInvocation.proceed(InvocationInterceptorChain.java:106)
	at org.junit.jupiter.engine.execution.InvocationInterceptorChain.proceed(InvocationInterceptorChain.java:64)
	at org.junit.jupiter.engine.execution.InvocationInterceptorChain.chainAndInvoke(InvocationInterceptorChain.java:45)
	at org.junit.jupiter.engine.execution.InvocationInterceptorChain.invoke(InvocationInterceptorChain.java:37)
	at org.junit.jupiter.engine.execution.InterceptingExecutableInvoker.invoke(InterceptingExecutableInvoker.java:92)
	at org.junit.jupiter.engine.execution.InterceptingExecutableInvoker.invoke(InterceptingExecutableInvoker.java:86)
	at org.junit.jupiter.engine.descriptor.TestMethodTestDescriptor.lambda$invokeTestMethod$7(TestMethodTestDescriptor.java:217)
	at org.junit.platform.engine.support.hierarchical.ThrowableCollector.execute(ThrowableCollector.java:73)
	at org.junit.jupiter.engine.descriptor.TestMethodTestDescriptor.invokeTestMethod(TestMethodTestDescriptor.java:213)
	at org.junit.jupiter.engine.descriptor.TestMethodTestDescriptor.execute(TestMethodTestDescriptor.java:138)
	at org.junit.jupiter.engine.descriptor.TestMethodTestDescriptor.execute(TestMethodTestDescriptor.java:68)
	at org.junit.platform.engine.support.hierarchical.NodeTestTask.lambda$executeRecursively$6(NodeTestTask.java:151)
	at org.junit.platform.engine.support.hierarchical.ThrowableCollector.execute(ThrowableCollector.java:73)
	at org.junit.platform.engine.support.hierarchical.NodeTestTask.lambda$executeRecursively$8(NodeTestTask.java:141)
	at org.junit.platform.engine.support.hierarchical.Node.around(Node.java:137)
	at org.junit.platform.engine.support.hierarchical.NodeTestTask.lambda$executeRecursively$9(NodeTestTask.java:139)
	at org.junit.platform.engine.support.hierarchical.ThrowableCollector.execute(ThrowableCollector.java:73)
	at org.junit.platform.engine.support.hierarchical.NodeTestTask.executeRecursively(NodeTestTask.java:138)
	at org.junit.platform.engine.support.hierarchical.NodeTestTask.execute(NodeTestTask.java:95)
	at java.base/java.util.ArrayList.forEach(ArrayList.java:1596)
	at org.junit.platform.engine.support.hierarchical.SameThreadHierarchicalTestExecutorService.invokeAll(SameThreadHierarchicalTestExecutorService.java:41)
	at org.junit.platform.engine.support.hierarchical.NodeTestTask.lambda$executeRecursively$6(NodeTestTask.java:155)
	at org.junit.platform.engine.support.hierarchical.ThrowableCollector.execute(ThrowableCollector.java:73)
	at org.junit.platform.engine.support.hierarchical.NodeTestTask.lambda$executeRecursively$8(NodeTestTask.java:141)
	at org.junit.platform.engine.support.hierarchical.Node.around(Node.java:137)
	at org.junit.platform.engine.support.hierarchical.NodeTestTask.lambda$executeRecursively$9(NodeTestTask.java:139)
	at org.junit.platform.engine.support.hierarchical.ThrowableCollector.execute(ThrowableCollector.java:73)
	at org.junit.platform.engine.support.hierarchical.NodeTestTask.executeRecursively(NodeTestTask.java:138)
	at org.junit.platform.engine.support.hierarchical.NodeTestTask.execute(NodeTestTask.java:95)
	at java.base/java.util.ArrayList.forEach(ArrayList.java:1596)
	at org.junit.platform.engine.support.hierarchical.SameThreadHierarchicalTestExecutorService.invokeAll(SameThreadHierarchicalTestExecutorService.java:41)
	at org.junit.platform.engine.support.hierarchical.NodeTestTask.lambda$executeRecursively$6(NodeTestTask.java:155)
	at org.junit.platform.engine.support.hierarchical.ThrowableCollector.execute(ThrowableCollector.java:73)
	at org.junit.platform.engine.support.hierarchical.NodeTestTask.lambda$executeRecursively$8(NodeTestTask.java:141)
	at org.junit.platform.engine.support.hierarchical.Node.around(Node.java:137)
	at org.junit.platform.engine.support.hierarchical.NodeTestTask.lambda$executeRecursively$9(NodeTestTask.java:139)
	at org.junit.platform.engine.support.hierarchical.ThrowableCollector.execute(ThrowableCollector.java:73)
	at org.junit.platform.engine.support.hierarchical.NodeTestTask.executeRecursively(NodeTestTask.java:138)
	at org.junit.platform.engine.support.hierarchical.NodeTestTask.execute(NodeTestTask.java:95)
	at org.junit.platform.engine.support.hierarchical.SameThreadHierarchicalTestExecutorService.submit(SameThreadHierarchicalTestExecutorService.java:35)
	at org.junit.platform.engine.support.hierarchical.HierarchicalTestExecutor.execute(HierarchicalTestExecutor.java:57)
	at org.junit.platform.engine.support.hierarchical.HierarchicalTestEngine.execute(HierarchicalTestEngine.java:54)
	at org.junit.platform.launcher.core.EngineExecutionOrchestrator.execute(EngineExecutionOrchestrator.java:198)
	at org.junit.platform.launcher.core.EngineExecutionOrchestrator.execute(EngineExecutionOrchestrator.java:169)
	at org.junit.platform.launcher.core.EngineExecutionOrchestrator.execute(EngineExecutionOrchestrator.java:93)
	at org.junit.platform.launcher.core.EngineExecutionOrchestrator.lambda$execute$0(EngineExecutionOrchestrator.java:58)
	at org.junit.platform.launcher.core.EngineExecutionOrchestrator.withInterceptedStreams(EngineExecutionOrchestrator.java:141)
	at org.junit.platform.launcher.core.EngineExecutionOrchestrator.execute(EngineExecutionOrchestrator.java:57)
	at org.junit.platform.launcher.core.DefaultLauncher.execute(DefaultLauncher.java:103)
	at org.junit.platform.launcher.core.DefaultLauncher.execute(DefaultLauncher.java:85)
	at org.junit.platform.launcher.core.DelegatingLauncher.execute(DelegatingLauncher.java:47)
	at org.junit.platform.launcher.core.SessionPerRequestLauncher.execute(SessionPerRequestLauncher.java:63)
	at com.intellij.junit5.JUnit5IdeaTestRunner.startRunnerWithArgs(JUnit5IdeaTestRunner.java:66)
	at com.intellij.rt.junit.IdeaTestRunner$Repeater$1.execute(IdeaTestRunner.java:38)
	at com.intellij.rt.execution.junit.TestsRepeater.repeat(TestsRepeater.java:11)
	at com.intellij.rt.junit.IdeaTestRunner$Repeater.startRunnerWithArgs(IdeaTestRunner.java:35)
	at com.intellij.rt.junit.JUnitStarter.prepareStreamsAndStart(JUnitStarter.java:231)
	at com.intellij.rt.junit.JUnitStarter.main(JUnitStarter.java:55)
2025-11-11 21:32:56 [main] INFO  c.l.i.TabulatedFunctionFileInputStream - Программа завершила свою работу.
2025-11-11 21:32:56 [main] INFO  c.l.i.TabulatedFunctionFileInputStream - Запущена программа сериализации и десериализации функции LinkedListTabulatedFunction.
2025-11-11 21:32:56 [main] ERROR c.l.i.TabulatedFunctionFileInputStream - Ошибка при сериализации.
2025-11-11 21:32:56 [main] ERROR c.l.i.TabulatedFunctionFileInputStream - Ошибка при десериализации.
2025-11-11 21:32:56 [main] INFO  c.l.i.TabulatedFunctionFileInputStream - Программа завершила свою работу.
2025-11-11 21:32:56 [main] INFO  c.l.io.TabulatedFunctionFileWriter - Запущена программа записи табулированных функций из файла.
2025-11-11 21:32:56 [main] ERROR c.l.io.TabulatedFunctionFileWriter - Ошибка при записи функций в файл.
java.io.FileNotFoundException: output\array function.txt (Системе не удается найти указанный путь)
	at java.base/java.io.FileOutputStream.open0(Native Method)
	at java.base/java.io.FileOutputStream.open(FileOutputStream.java:289)
	at java.base/java.io.FileOutputStream.<init>(FileOutputStream.java:230)
	at java.base/java.io.FileOutputStream.<init>(FileOutputStream.java:118)
	at java.base/java.io.FileWriter.<init>(FileWriter.java:67)
	at com.lab7.io.TabulatedFunctionFileWriter.main(TabulatedFunctionFileWriter.java:17)
	at com.lab7.io.TabulatedFunctionFileWriterTest.mainTest(TabulatedFunctionFileWriterTest.java:8)
	at java.base/jdk.internal.reflect.DirectMethodHandleAccessor.invoke(DirectMethodHandleAccessor.java:103)
	at java.base/java.lang.reflect.Method.invoke(Method.java:580)
	at org.junit.platform.commons.util.ReflectionUtils.invokeMethod(ReflectionUtils.java:728)
	at org.junit.jupiter.engine.execution.MethodInvocation.proceed(MethodInvocation.java:60)
	at org.junit.jupiter.engine.execution.InvocationInterceptorChain$ValidatingInvocation.proceed(InvocationInterceptorChain.java:131)
	at org.junit.jupiter.engine.extension.TimeoutExtension.intercept(TimeoutExtension.java:156)
	at org.junit.jupiter.engine.extension.TimeoutExtension.interceptTestableMethod(TimeoutExtension.java:147)
	at org.junit.jupiter.engine.extension.TimeoutExtension.interceptTestMethod(TimeoutExtension.java:86)
	at org.junit.jupiter.engine.execution.InterceptingExecutableInvoker$ReflectiveInterceptorCall.lambda$ofVoidMethod$0(InterceptingExecutableInvoker.java:103)
	at org.junit.jupiter.engine.execution.InterceptingExecutableInvoker.lambda$invoke$0(InterceptingExecutableInvoker.java:93)
	at org.junit.jupiter.engine.execution.InvocationInterceptorChain$InterceptedInvocation.proceed(InvocationInterceptorChain.java:106)
	at org.junit.jupiter.engine.execution.InvocationInterceptorChain.proceed(InvocationInterceptorChain.java:64)
	at org.junit.jupiter.engine.execution.InvocationInterceptorChain.chainAndInvoke(InvocationInterceptorChain.java:45)
	at org.junit.jupiter.engine.execution.InvocationInterceptorChain.invoke(InvocationInterceptorChain.java:37)
	at org.junit.jupiter.engine.execution.InterceptingExecutableInvoker.invoke(InterceptingExecutableInvoker.java:92)
	at org.junit.jupiter.engine.execution.InterceptingExecutableInvoker.invoke(InterceptingExecutableInvoker.java:86)
	at org.junit.jupiter.engine.descriptor.TestMethodTestDescriptor.lambda$invokeTestMethod$7(TestMethodTestDescriptor.java:217)
	at org.junit.platform.engine.support.hierarchical.ThrowableCollector.execute(ThrowableCollector.java:73)
	at org.junit.jupiter.engine.descriptor.TestMethodTestDescriptor.invokeTestMethod(TestMethodTestDescriptor.java:213)
	at org.junit.jupiter.engine.descriptor.TestMethodTestDescriptor.execute(TestMethodTestDescriptor.java:138)
	at org.junit.jupiter.engine.descriptor.TestMethodTestDescriptor.execute(TestMethodTestDescriptor.java:68)
	at org.junit.platform.engine.support.hierarchical.NodeTestTask.lambda$executeRecursively$6(NodeTestTask.java:151)
	at org.junit.platform.engine.support.hierarchical.ThrowableCollector.execute(ThrowableCollector.java:73)
	at org.junit.platform.engine.support.hierarchical.NodeTestTask.lambda$executeRecursively$8(NodeTestTask.java:141)
	at org.junit.platform.engine.support.hierarchical.Node.around(Node.java:137)
	at org.junit.platform.engine.support.hierarchical.NodeTestTask.lambda$executeRecursively$9(NodeTestTask.java:139)
	at org.junit.platform.engine.support.hierarchical.ThrowableCollector.execute(ThrowableCollector.java:73)
	at org.junit.platform.engine.support.hierarchical.NodeTestTask.executeRecursively(NodeTestTask.java:138)
	at org.junit.platform.engine.support.hierarchical.NodeTestTask.execute(NodeTestTask.java:95)
	at java.base/java.util.ArrayList.forEach(ArrayList.java:1596)
	at org.junit.platform.engine.support.hierarchical.SameThreadHierarchicalTestExecutorService.invokeAll(SameThreadHierarchicalTestExecutorService.java:41)
	at org.junit.platform.engine.support.hierarchical.NodeTestTask.lambda$executeRecursively$6(NodeTestTask.java:155)
	at org.junit.platform.engine.support.hierarchical.ThrowableCollector.execute(ThrowableCollector.java:73)
	at org.junit.platform.engine.support.hierarchical.NodeTestTask.lambda$executeRecursively$8(NodeTestTask.java:141)
	at org.junit.platform.engine.support.hierarchical.Node.around(Node.java:137)
	at org.junit.platform.engine.support.hierarchical.NodeTestTask.lambda$executeRecursively$9(NodeTestTask.java:139)
	at org.junit.platform.engine.support.hierarchical.ThrowableCollector.execute(ThrowableCollector.java:73)
	at org.junit.platform.engine.support.hierarchical.NodeTestTask.executeRecursively(NodeTestTask.java:138)
	at org.junit.platform.engine.support.hierarchical.NodeTestTask.execute(NodeTestTask.java:95)
	at java.base/java.util.ArrayList.forEach(ArrayList.java:1596)
	at org.junit.platform.engine.support.hierarchical.SameThreadHierarchicalTestExecutorService.invokeAll(SameThreadHierarchicalTestExecutorService.java:41)
	at org.junit.platform.engine.support.hierarchical.NodeTestTask.lambda$executeRecursively$6(NodeTestTask.java:155)
	at org.junit.platform.engine.support.hierarchical.ThrowableCollector.execute(ThrowableCollector.java:73)
	at org.junit.platform.engine.support.hierarchical.NodeTestTask.lambda$executeRecursively$8(NodeTestTask.java:141)
	at org.junit.platform.engine.support.hierarchical.Node.around(Node.java:137)
	at org.junit.platform.engine.support.hierarchical.NodeTestTask.lambda$executeRecursively$9(NodeTestTask.java:139)
	at org.junit.platform.engine.support.hierarchical.ThrowableCollector.execute(ThrowableCollector.java:73)
	at org.junit.platform.engine.support.hierarchical.NodeTestTask.executeRecursively(NodeTestTask.java:138)
	at org.junit.platform.engine.support.hierarchical.NodeTestTask.execute(NodeTestTask.java:95)
	at org.junit.platform.engine.support.hierarchical.SameThreadHierarchicalTestExecutorService.submit(SameThreadHierarchicalTestExecutorService.java:35)
	at org.junit.platform.engine.support.hierarchical.HierarchicalTestExecutor.execute(HierarchicalTestExecutor.java:57)
	at org.junit.platform.engine.support.hierarchical.HierarchicalTestEngine.execute(HierarchicalTestEngine.java:54)
	at org.junit.platform.launcher.core.EngineExecutionOrchestrator.execute(EngineExecutionOrchestrator.java:198)
	at org.junit.platform.launcher.core.EngineExecutionOrchestrator.execute(EngineExecutionOrchestrator.java:169)
	at org.junit.platform.launcher.core.EngineExecutionOrchestrator.execute(EngineExecutionOrchestrator.java:93)
	at org.junit.platform.launcher.core.EngineExecutionOrchestrator.lambda$execute$0(EngineExecutionOrchestrator.java:58)
	at org.junit.platform.launcher.core.EngineExecutionOrchestrator.withInterceptedStreams(EngineExecutionOrchestrator.java:141)
	at org.junit.platform.launcher.core.EngineExecutionOrchestrator.execute(EngineExecutionOrchestrator.java:57)
	at org.junit.platform.launcher.core.DefaultLauncher.execute(DefaultLauncher.java:103)
	at org.junit.platform.launcher.core.DefaultLauncher.execute(DefaultLauncher.java:85)
	at org.junit.platform.launcher.core.DelegatingLauncher.execute(DelegatingLauncher.java:47)
	at org.junit.platform.launcher.core.SessionPerRequestLauncher.execute(SessionPerRequestLauncher.java:63)
	at com.intellij.junit5.JUnit5IdeaTestRunner.startRunnerWithArgs(JUnit5IdeaTestRunner.java:66)
	at com.intellij.rt.junit.IdeaTestRunner$Repeater$1.execute(IdeaTestRunner.java:38)
	at com.intellij.rt.execution.junit.TestsRepeater.repeat(TestsRepeater.java:11)
	at com.intellij.rt.junit.IdeaTestRunner$Repeater.startRunnerWithArgs(IdeaTestRunner.java:35)
	at com.intellij.rt.junit.JUnitStarter.prepareStreamsAndStart(JUnitStarter.java:231)
	at com.intellij.rt.junit.JUnitStarter.main(JUnitStarter.java:55)
2025-11-11 21:32:56 [main] INFO  c.l.io.TabulatedFunctionFileWriter - Программа завершила свою работу.
2025-11-11 21:32:56 [main] INFO  c.l.i.TabulatedFunctionFileInputStream - Запущена программа сериализации и десериализации функции LinkedListTabulatedFunction.
2025-11-11 21:32:56 [main] ERROR c.l.i.TabulatedFunctionFileInputStream - Ошибка при сериализации.
2025-11-11 21:32:56 [main] ERROR c.l.i.TabulatedFunctionFileInputStream - Ошибка при десериализации.
2025-11-11 21:32:56 [main] INFO  c.l.i.TabulatedFunctionFileInputStream - Программа завершила свою работу.
2025-11-11 21:40:13 [main] INFO  c.l.i.TabulatedFunctionFileInputStream - Запущена программа умножения ArrayTabulatedFunction в 2 раза.
2025-11-11 21:40:15 [main] INFO  c.l.i.TabulatedFunctionFileInputStream - Программа завершила свою работу.
2025-11-11 21:40:15 [main] INFO  com.lab7.dao.UserDAOTest - Подключаемся к H2 с эмуляцией PostgreSQL.
2025-11-11 21:40:15 [main] INFO  com.lab7.dao.UserDAOTest - Тестируются создание в БД пользователя, поиск его по id и имени, изменение данных у него и удаление его из БД.
2025-11-11 21:40:15 [main] INFO  com.lab7.dao.UserDAOTest - Создаём пользователя для БД.
2025-11-11 21:40:15 [main] INFO  com.lab7.dao.UserDAOTest - Пользователь создан.
2025-11-11 21:40:15 [main] INFO  com.lab7.dao.UserDAOTest - Закрываем соединение после каждого теста.
2025-11-11 21:40:15 [main] INFO  com.lab7.dao.UserDAOTest - Подключаемся к H2 с эмуляцией PostgreSQL.
2025-11-11 21:40:15 [main] INFO  com.lab7.dao.UserDAOTest - Создаём пользователя для БД.
2025-11-11 21:40:15 [main] INFO  com.lab7.dao.UserDAOTest - Пользователь создан.
2025-11-11 21:40:15 [main] INFO  com.lab7.dao.UserDAOTest - Создаём пользователя для БД.
2025-11-11 21:40:15 [main] INFO  com.lab7.dao.UserDAOTest - Пользователь создан.
2025-11-11 21:40:15 [main] INFO  com.lab7.dao.UserDAOTest - Создаём пользователя для БД.
2025-11-11 21:40:15 [main] INFO  com.lab7.dao.UserDAOTest - Пользователь создан.
2025-11-11 21:40:15 [main] INFO  com.lab7.dao.UserDAOTest - Создаём пользователя для БД.
2025-11-11 21:40:15 [main] INFO  com.lab7.dao.UserDAOTest - Пользователь создан.
2025-11-11 21:40:15 [main] INFO  com.lab7.dao.UserDAOTest - Создаём пользователя для БД.
2025-11-11 21:40:15 [main] INFO  com.lab7.dao.UserDAOTest - Пользователь создан.
2025-11-11 21:40:15 [main] INFO  com.lab7.dao.UserDAOTest - Создаём пользователя для БД.
2025-11-11 21:40:15 [main] INFO  com.lab7.dao.UserDAOTest - Пользователь создан.
2025-11-11 21:40:15 [main] INFO  com.lab7.dao.UserDAOTest - Закрываем соединение после каждого теста.
2025-11-11 21:40:15 [main] INFO  com.lab7.dao.UserDAOTest - Подключаемся к H2 с эмуляцией PostgreSQL.
2025-11-11 21:40:15 [main] INFO  com.lab7.dao.UserDAOTest - Закрываем соединение после каждого теста.
2025-11-11 21:40:15 [main] INFO  com.lab7.dao.UserDAOTest - Подключаемся к H2 с эмуляцией PostgreSQL.
2025-11-11 21:40:15 [main] INFO  com.lab7.dao.UserDAOTest - Создаём пользователя для БД.
2025-11-11 21:40:15 [main] INFO  com.lab7.dao.UserDAOTest - Пользователь создан.
2025-11-11 21:40:15 [main] INFO  com.lab7.dao.UserDAOTest - Создаём пользователя для БД.
2025-11-11 21:40:15 [main] INFO  com.lab7.dao.UserDAOTest - Пользователь создан.
2025-11-11 21:40:15 [main] INFO  com.lab7.dao.UserDAOTest - Закрываем соединение после каждого теста.
2025-11-11 21:40:15 [main] INFO  c.l.io.TabulatedFunctionFileReader - Запущена программа чтения табулированных функций из файла.
2025-11-11 21:40:15 [main] ERROR c.l.io.TabulatedFunctionFileReader - Ошибка при чтении функций из файла.
java.io.FileNotFoundException: input\function.txt (Системе не удается найти указанный путь)
	at java.base/java.io.FileInputStream.open0(Native Method)
	at java.base/java.io.FileInputStream.open(FileInputStream.java:213)
	at java.base/java.io.FileInputStream.<init>(FileInputStream.java:152)
	at java.base/java.io.FileInputStream.<init>(FileInputStream.java:106)
	at java.base/java.io.FileReader.<init>(FileReader.java:60)
	at com.lab7.io.TabulatedFunctionFileReader.main(TabulatedFunctionFileReader.java:18)
	at com.lab7.io.TabulatedFunctionFileReaderTest.mainTest(TabulatedFunctionFileReaderTest.java:8)
	at java.base/jdk.internal.reflect.DirectMethodHandleAccessor.invoke(DirectMethodHandleAccessor.java:103)
	at java.base/java.lang.reflect.Method.invoke(Method.java:580)
	at org.junit.platform.commons.util.ReflectionUtils.invokeMethod(ReflectionUtils.java:728)
	at org.junit.jupiter.engine.execution.MethodInvocation.proceed(MethodInvocation.java:60)
	at org.junit.jupiter.engine.execution.InvocationInterceptorChain$ValidatingInvocation.proceed(InvocationInterceptorChain.java:131)
	at org.junit.jupiter.engine.extension.TimeoutExtension.intercept(TimeoutExtension.java:156)
	at org.junit.jupiter.engine.extension.TimeoutExtension.interceptTestableMethod(TimeoutExtension.java:147)
	at org.junit.jupiter.engine.extension.TimeoutExtension.interceptTestMethod(TimeoutExtension.java:86)
	at org.junit.jupiter.engine.execution.InterceptingExecutableInvoker$ReflectiveInterceptorCall.lambda$ofVoidMethod$0(InterceptingExecutableInvoker.java:103)
	at org.junit.jupiter.engine.execution.InterceptingExecutableInvoker.lambda$invoke$0(InterceptingExecutableInvoker.java:93)
	at org.junit.jupiter.engine.execution.InvocationInterceptorChain$InterceptedInvocation.proceed(InvocationInterceptorChain.java:106)
	at org.junit.jupiter.engine.execution.InvocationInterceptorChain.proceed(InvocationInterceptorChain.java:64)
	at org.junit.jupiter.engine.execution.InvocationInterceptorChain.chainAndInvoke(InvocationInterceptorChain.java:45)
	at org.junit.jupiter.engine.execution.InvocationInterceptorChain.invoke(InvocationInterceptorChain.java:37)
	at org.junit.jupiter.engine.execution.InterceptingExecutableInvoker.invoke(InterceptingExecutableInvoker.java:92)
	at org.junit.jupiter.engine.execution.InterceptingExecutableInvoker.invoke(InterceptingExecutableInvoker.java:86)
	at org.junit.jupiter.engine.descriptor.TestMethodTestDescriptor.lambda$invokeTestMethod$7(TestMethodTestDescriptor.java:217)
	at org.junit.platform.engine.support.hierarchical.ThrowableCollector.execute(ThrowableCollector.java:73)
	at org.junit.jupiter.engine.descriptor.TestMethodTestDescriptor.invokeTestMethod(TestMethodTestDescriptor.java:213)
	at org.junit.jupiter.engine.descriptor.TestMethodTestDescriptor.execute(TestMethodTestDescriptor.java:138)
	at org.junit.jupiter.engine.descriptor.TestMethodTestDescriptor.execute(TestMethodTestDescriptor.java:68)
	at org.junit.platform.engine.support.hierarchical.NodeTestTask.lambda$executeRecursively$6(NodeTestTask.java:151)
	at org.junit.platform.engine.support.hierarchical.ThrowableCollector.execute(ThrowableCollector.java:73)
	at org.junit.platform.engine.support.hierarchical.NodeTestTask.lambda$executeRecursively$8(NodeTestTask.java:141)
	at org.junit.platform.engine.support.hierarchical.Node.around(Node.java:137)
	at org.junit.platform.engine.support.hierarchical.NodeTestTask.lambda$executeRecursively$9(NodeTestTask.java:139)
	at org.junit.platform.engine.support.hierarchical.ThrowableCollector.execute(ThrowableCollector.java:73)
	at org.junit.platform.engine.support.hierarchical.NodeTestTask.executeRecursively(NodeTestTask.java:138)
	at org.junit.platform.engine.support.hierarchical.NodeTestTask.execute(NodeTestTask.java:95)
	at java.base/java.util.ArrayList.forEach(ArrayList.java:1596)
	at org.junit.platform.engine.support.hierarchical.SameThreadHierarchicalTestExecutorService.invokeAll(SameThreadHierarchicalTestExecutorService.java:41)
	at org.junit.platform.engine.support.hierarchical.NodeTestTask.lambda$executeRecursively$6(NodeTestTask.java:155)
	at org.junit.platform.engine.support.hierarchical.ThrowableCollector.execute(ThrowableCollector.java:73)
	at org.junit.platform.engine.support.hierarchical.NodeTestTask.lambda$executeRecursively$8(NodeTestTask.java:141)
	at org.junit.platform.engine.support.hierarchical.Node.around(Node.java:137)
	at org.junit.platform.engine.support.hierarchical.NodeTestTask.lambda$executeRecursively$9(NodeTestTask.java:139)
	at org.junit.platform.engine.support.hierarchical.ThrowableCollector.execute(ThrowableCollector.java:73)
	at org.junit.platform.engine.support.hierarchical.NodeTestTask.executeRecursively(NodeTestTask.java:138)
	at org.junit.platform.engine.support.hierarchical.NodeTestTask.execute(NodeTestTask.java:95)
	at java.base/java.util.ArrayList.forEach(ArrayList.java:1596)
	at org.junit.platform.engine.support.hierarchical.SameThreadHierarchicalTestExecutorService.invokeAll(SameThreadHierarchicalTestExecutorService.java:41)
	at org.junit.platform.engine.support.hierarchical.NodeTestTask.lambda$executeRecursively$6(NodeTestTask.java:155)
	at org.junit.platform.engine.support.hierarchical.ThrowableCollector.execute(ThrowableCollector.java:73)
	at org.junit.platform.engine.support.hierarchical.NodeTestTask.lambda$executeRecursively$8(NodeTestTask.java:141)
	at org.junit.platform.engine.support.hierarchical.Node.around(Node.java:137)
	at org.junit.platform.engine.support.hierarchical.NodeTestTask.lambda$executeRecursively$9(NodeTestTask.java:139)
	at org.junit.platform.engine.support.hierarchical.ThrowableCollector.execute(ThrowableCollector.java:73)
	at org.junit.platform.engine.support.hierarchical.NodeTestTask.executeRecursively(NodeTestTask.java:138)
	at org.junit.platform.engine.support.hierarchical.NodeTestTask.execute(NodeTestTask.java:95)
	at org.junit.platform.engine.support.hierarchical.SameThreadHierarchicalTestExecutorService.submit(SameThreadHierarchicalTestExecutorService.java:35)
	at org.junit.platform.engine.support.hierarchical.HierarchicalTestExecutor.execute(HierarchicalTestExecutor.java:57)
	at org.junit.platform.engine.support.hierarchical.HierarchicalTestEngine.execute(HierarchicalTestEngine.java:54)
	at org.junit.platform.launcher.core.EngineExecutionOrchestrator.execute(EngineExecutionOrchestrator.java:198)
	at org.junit.platform.launcher.core.EngineExecutionOrchestrator.execute(EngineExecutionOrchestrator.java:169)
	at org.junit.platform.launcher.core.EngineExecutionOrchestrator.execute(EngineExecutionOrchestrator.java:93)
	at org.junit.platform.launcher.core.EngineExecutionOrchestrator.lambda$execute$0(EngineExecutionOrchestrator.java:58)
	at org.junit.platform.launcher.core.EngineExecutionOrchestrator.withInterceptedStreams(EngineExecutionOrchestrator.java:141)
	at org.junit.platform.launcher.core.EngineExecutionOrchestrator.execute(EngineExecutionOrchestrator.java:57)
	at org.junit.platform.launcher.core.DefaultLauncher.execute(DefaultLauncher.java:103)
	at org.junit.platform.launcher.core.DefaultLauncher.execute(DefaultLauncher.java:85)
	at org.junit.platform.launcher.core.DelegatingLauncher.execute(DelegatingLauncher.java:47)
	at org.junit.platform.launcher.core.SessionPerRequestLauncher.execute(SessionPerRequestLauncher.java:63)
	at com.intellij.junit5.JUnit5IdeaTestRunner.startRunnerWithArgs(JUnit5IdeaTestRunner.java:66)
	at com.intellij.rt.junit.IdeaTestRunner$Repeater$1.execute(IdeaTestRunner.java:38)
	at com.intellij.rt.execution.junit.TestsRepeater.repeat(TestsRepeater.java:11)
	at com.intellij.rt.junit.IdeaTestRunner$Repeater.startRunnerWithArgs(IdeaTestRunner.java:35)
	at com.intellij.rt.junit.JUnitStarter.prepareStreamsAndStart(JUnitStarter.java:231)
	at com.intellij.rt.junit.JUnitStarter.main(JUnitStarter.java:55)
2025-11-11 21:40:15 [main] INFO  c.l.io.TabulatedFunctionFileReader - Программа завершила свою работу.
2025-11-11 21:40:15 [main] INFO  c.l.i.TabulatedFunctionFileInputStream - Запущена программа чтения табулированных функций из файла.
2025-11-11 21:40:15 [main] ERROR c.l.i.TabulatedFunctionFileInputStream - Ошибка при чтении функций из файла.
java.io.FileNotFoundException: input\binary function.bin (Системе не удается найти указанный путь)
	at java.base/java.io.FileInputStream.open0(Native Method)
	at java.base/java.io.FileInputStream.open(FileInputStream.java:213)
	at java.base/java.io.FileInputStream.<init>(FileInputStream.java:152)
	at java.base/java.io.FileInputStream.<init>(FileInputStream.java:106)
	at com.lab7.io.TabulatedFunctionFileInputStream.main(TabulatedFunctionFileInputStream.java:18)
	at com.lab7.io.TabulatedFunctionFileInputStreamTest.mainTest(TabulatedFunctionFileInputStreamTest.java:14)
	at java.base/jdk.internal.reflect.DirectMethodHandleAccessor.invoke(DirectMethodHandleAccessor.java:103)
	at java.base/java.lang.reflect.Method.invoke(Method.java:580)
	at org.junit.platform.commons.util.ReflectionUtils.invokeMethod(ReflectionUtils.java:728)
	at org.junit.jupiter.engine.execution.MethodInvocation.proceed(MethodInvocation.java:60)
	at org.junit.jupiter.engine.execution.InvocationInterceptorChain$ValidatingInvocation.proceed(InvocationInterceptorChain.java:131)
	at org.junit.jupiter.engine.extension.TimeoutExtension.intercept(TimeoutExtension.java:156)
	at org.junit.jupiter.engine.extension.TimeoutExtension.interceptTestableMethod(TimeoutExtension.java:147)
	at org.junit.jupiter.engine.extension.TimeoutExtension.interceptTestMethod(TimeoutExtension.java:86)
	at org.junit.jupiter.engine.execution.InterceptingExecutableInvoker$ReflectiveInterceptorCall.lambda$ofVoidMethod$0(InterceptingExecutableInvoker.java:103)
	at org.junit.jupiter.engine.execution.InterceptingExecutableInvoker.lambda$invoke$0(InterceptingExecutableInvoker.java:93)
	at org.junit.jupiter.engine.execution.InvocationInterceptorChain$InterceptedInvocation.proceed(InvocationInterceptorChain.java:106)
	at org.junit.jupiter.engine.execution.InvocationInterceptorChain.proceed(InvocationInterceptorChain.java:64)
	at org.junit.jupiter.engine.execution.InvocationInterceptorChain.chainAndInvoke(InvocationInterceptorChain.java:45)
	at org.junit.jupiter.engine.execution.InvocationInterceptorChain.invoke(InvocationInterceptorChain.java:37)
	at org.junit.jupiter.engine.execution.InterceptingExecutableInvoker.invoke(InterceptingExecutableInvoker.java:92)
	at org.junit.jupiter.engine.execution.InterceptingExecutableInvoker.invoke(InterceptingExecutableInvoker.java:86)
	at org.junit.jupiter.engine.descriptor.TestMethodTestDescriptor.lambda$invokeTestMethod$7(TestMethodTestDescriptor.java:217)
	at org.junit.platform.engine.support.hierarchical.ThrowableCollector.execute(ThrowableCollector.java:73)
	at org.junit.jupiter.engine.descriptor.TestMethodTestDescriptor.invokeTestMethod(TestMethodTestDescriptor.java:213)
	at org.junit.jupiter.engine.descriptor.TestMethodTestDescriptor.execute(TestMethodTestDescriptor.java:138)
	at org.junit.jupiter.engine.descriptor.TestMethodTestDescriptor.execute(TestMethodTestDescriptor.java:68)
	at org.junit.platform.engine.support.hierarchical.NodeTestTask.lambda$executeRecursively$6(NodeTestTask.java:151)
	at org.junit.platform.engine.support.hierarchical.ThrowableCollector.execute(ThrowableCollector.java:73)
	at org.junit.platform.engine.support.hierarchical.NodeTestTask.lambda$executeRecursively$8(NodeTestTask.java:141)
	at org.junit.platform.engine.support.hierarchical.Node.around(Node.java:137)
	at org.junit.platform.engine.support.hierarchical.NodeTestTask.lambda$executeRecursively$9(NodeTestTask.java:139)
	at org.junit.platform.engine.support.hierarchical.ThrowableCollector.execute(ThrowableCollector.java:73)
	at org.junit.platform.engine.support.hierarchical.NodeTestTask.executeRecursively(NodeTestTask.java:138)
	at org.junit.platform.engine.support.hierarchical.NodeTestTask.execute(NodeTestTask.java:95)
	at java.base/java.util.ArrayList.forEach(ArrayList.java:1596)
	at org.junit.platform.engine.support.hierarchical.SameThreadHierarchicalTestExecutorService.invokeAll(SameThreadHierarchicalTestExecutorService.java:41)
	at org.junit.platform.engine.support.hierarchical.NodeTestTask.lambda$executeRecursively$6(NodeTestTask.java:155)
	at org.junit.platform.engine.support.hierarchical.ThrowableCollector.execute(ThrowableCollector.java:73)
	at org.junit.platform.engine.support.hierarchical.NodeTestTask.lambda$executeRecursively$8(NodeTestTask.java:141)
	at org.junit.platform.engine.support.hierarchical.Node.around(Node.java:137)
	at org.junit.platform.engine.support.hierarchical.NodeTestTask.lambda$executeRecursively$9(NodeTestTask.java:139)
	at org.junit.platform.engine.support.hierarchical.ThrowableCollector.execute(ThrowableCollector.java:73)
	at org.junit.platform.engine.support.hierarchical.NodeTestTask.executeRecursively(NodeTestTask.java:138)
	at org.junit.platform.engine.support.hierarchical.NodeTestTask.execute(NodeTestTask.java:95)
	at java.base/java.util.ArrayList.forEach(ArrayList.java:1596)
	at org.junit.platform.engine.support.hierarchical.SameThreadHierarchicalTestExecutorService.invokeAll(SameThreadHierarchicalTestExecutorService.java:41)
	at org.junit.platform.engine.support.hierarchical.NodeTestTask.lambda$executeRecursively$6(NodeTestTask.java:155)
	at org.junit.platform.engine.support.hierarchical.ThrowableCollector.execute(ThrowableCollector.java:73)
	at org.junit.platform.engine.support.hierarchical.NodeTestTask.lambda$executeRecursively$8(NodeTestTask.java:141)
	at org.junit.platform.engine.support.hierarchical.Node.around(Node.java:137)
	at org.junit.platform.engine.support.hierarchical.NodeTestTask.lambda$executeRecursively$9(NodeTestTask.java:139)
	at org.junit.platform.engine.support.hierarchical.ThrowableCollector.execute(ThrowableCollector.java:73)
	at org.junit.platform.engine.support.hierarchical.NodeTestTask.executeRecursively(NodeTestTask.java:138)
	at org.junit.platform.engine.support.hierarchical.NodeTestTask.execute(NodeTestTask.java:95)
	at org.junit.platform.engine.support.hierarchical.SameThreadHierarchicalTestExecutorService.submit(SameThreadHierarchicalTestExecutorService.java:35)
	at org.junit.platform.engine.support.hierarchical.HierarchicalTestExecutor.execute(HierarchicalTestExecutor.java:57)
	at org.junit.platform.engine.support.hierarchical.HierarchicalTestEngine.execute(HierarchicalTestEngine.java:54)
	at org.junit.platform.launcher.core.EngineExecutionOrchestrator.execute(EngineExecutionOrchestrator.java:198)
	at org.junit.platform.launcher.core.EngineExecutionOrchestrator.execute(EngineExecutionOrchestrator.java:169)
	at org.junit.platform.launcher.core.EngineExecutionOrchestrator.execute(EngineExecutionOrchestrator.java:93)
	at org.junit.platform.launcher.core.EngineExecutionOrchestrator.lambda$execute$0(EngineExecutionOrchestrator.java:58)
	at org.junit.platform.launcher.core.EngineExecutionOrchestrator.withInterceptedStreams(EngineExecutionOrchestrator.java:141)
	at org.junit.platform.launcher.core.EngineExecutionOrchestrator.execute(EngineExecutionOrchestrator.java:57)
	at org.junit.platform.launcher.core.DefaultLauncher.execute(DefaultLauncher.java:103)
	at org.junit.platform.launcher.core.DefaultLauncher.execute(DefaultLauncher.java:85)
	at org.junit.platform.launcher.core.DelegatingLauncher.execute(DelegatingLauncher.java:47)
	at org.junit.platform.launcher.core.SessionPerRequestLauncher.execute(SessionPerRequestLauncher.java:63)
	at com.intellij.junit5.JUnit5IdeaTestRunner.startRunnerWithArgs(JUnit5IdeaTestRunner.java:66)
	at com.intellij.rt.junit.IdeaTestRunner$Repeater$1.execute(IdeaTestRunner.java:38)
	at com.intellij.rt.execution.junit.TestsRepeater.repeat(TestsRepeater.java:11)
	at com.intellij.rt.junit.IdeaTestRunner$Repeater.startRunnerWithArgs(IdeaTestRunner.java:35)
	at com.intellij.rt.junit.JUnitStarter.prepareStreamsAndStart(JUnitStarter.java:231)
	at com.intellij.rt.junit.JUnitStarter.main(JUnitStarter.java:55)
2025-11-11 21:40:15 [main] INFO  c.l.i.TabulatedFunctionFileInputStream - Программа завершила свою работу.
2025-11-11 21:40:15 [main] INFO  c.l.io.TabulatedFunctionFileWriter - Запущена программа записи табулированных функций из файла.
2025-11-11 21:40:15 [main] ERROR c.l.io.TabulatedFunctionFileWriter - Ошибка при записи функций в файл.
java.io.FileNotFoundException: output\array function.txt (Системе не удается найти указанный путь)
	at java.base/java.io.FileOutputStream.open0(Native Method)
	at java.base/java.io.FileOutputStream.open(FileOutputStream.java:289)
	at java.base/java.io.FileOutputStream.<init>(FileOutputStream.java:230)
	at java.base/java.io.FileOutputStream.<init>(FileOutputStream.java:118)
	at java.base/java.io.FileWriter.<init>(FileWriter.java:67)
	at com.lab7.io.TabulatedFunctionFileWriter.main(TabulatedFunctionFileWriter.java:17)
	at com.lab7.io.TabulatedFunctionFileWriterTest.mainTest(TabulatedFunctionFileWriterTest.java:8)
	at java.base/jdk.internal.reflect.DirectMethodHandleAccessor.invoke(DirectMethodHandleAccessor.java:103)
	at java.base/java.lang.reflect.Method.invoke(Method.java:580)
	at org.junit.platform.commons.util.ReflectionUtils.invokeMethod(ReflectionUtils.java:728)
	at org.junit.jupiter.engine.execution.MethodInvocation.proceed(MethodInvocation.java:60)
	at org.junit.jupiter.engine.execution.InvocationInterceptorChain$ValidatingInvocation.proceed(InvocationInterceptorChain.java:131)
	at org.junit.jupiter.engine.extension.TimeoutExtension.intercept(TimeoutExtension.java:156)
	at org.junit.jupiter.engine.extension.TimeoutExtension.interceptTestableMethod(TimeoutExtension.java:147)
	at org.junit.jupiter.engine.extension.TimeoutExtension.interceptTestMethod(TimeoutExtension.java:86)
	at org.junit.jupiter.engine.execution.InterceptingExecutableInvoker$ReflectiveInterceptorCall.lambda$ofVoidMethod$0(InterceptingExecutableInvoker.java:103)
	at org.junit.jupiter.engine.execution.InterceptingExecutableInvoker.lambda$invoke$0(InterceptingExecutableInvoker.java:93)
	at org.junit.jupiter.engine.execution.InvocationInterceptorChain$InterceptedInvocation.proceed(InvocationInterceptorChain.java:106)
	at org.junit.jupiter.engine.execution.InvocationInterceptorChain.proceed(InvocationInterceptorChain.java:64)
	at org.junit.jupiter.engine.execution.InvocationInterceptorChain.chainAndInvoke(InvocationInterceptorChain.java:45)
	at org.junit.jupiter.engine.execution.InvocationInterceptorChain.invoke(InvocationInterceptorChain.java:37)
	at org.junit.jupiter.engine.execution.InterceptingExecutableInvoker.invoke(InterceptingExecutableInvoker.java:92)
	at org.junit.jupiter.engine.execution.InterceptingExecutableInvoker.invoke(InterceptingExecutableInvoker.java:86)
	at org.junit.jupiter.engine.descriptor.TestMethodTestDescriptor.lambda$invokeTestMethod$7(TestMethodTestDescriptor.java:217)
	at org.junit.platform.engine.support.hierarchical.ThrowableCollector.execute(ThrowableCollector.java:73)
	at org.junit.jupiter.engine.descriptor.TestMethodTestDescriptor.invokeTestMethod(TestMethodTestDescriptor.java:213)
	at org.junit.jupiter.engine.descriptor.TestMethodTestDescriptor.execute(TestMethodTestDescriptor.java:138)
	at org.junit.jupiter.engine.descriptor.TestMethodTestDescriptor.execute(TestMethodTestDescriptor.java:68)
	at org.junit.platform.engine.support.hierarchical.NodeTestTask.lambda$executeRecursively$6(NodeTestTask.java:151)
	at org.junit.platform.engine.support.hierarchical.ThrowableCollector.execute(ThrowableCollector.java:73)
	at org.junit.platform.engine.support.hierarchical.NodeTestTask.lambda$executeRecursively$8(NodeTestTask.java:141)
	at org.junit.platform.engine.support.hierarchical.Node.around(Node.java:137)
	at org.junit.platform.engine.support.hierarchical.NodeTestTask.lambda$executeRecursively$9(NodeTestTask.java:139)
	at org.junit.platform.engine.support.hierarchical.ThrowableCollector.execute(ThrowableCollector.java:73)
	at org.junit.platform.engine.support.hierarchical.NodeTestTask.executeRecursively(NodeTestTask.java:138)
	at org.junit.platform.engine.support.hierarchical.NodeTestTask.execute(NodeTestTask.java:95)
	at java.base/java.util.ArrayList.forEach(ArrayList.java:1596)
	at org.junit.platform.engine.support.hierarchical.SameThreadHierarchicalTestExecutorService.invokeAll(SameThreadHierarchicalTestExecutorService.java:41)
	at org.junit.platform.engine.support.hierarchical.NodeTestTask.lambda$executeRecursively$6(NodeTestTask.java:155)
	at org.junit.platform.engine.support.hierarchical.ThrowableCollector.execute(ThrowableCollector.java:73)
	at org.junit.platform.engine.support.hierarchical.NodeTestTask.lambda$executeRecursively$8(NodeTestTask.java:141)
	at org.junit.platform.engine.support.hierarchical.Node.around(Node.java:137)
	at org.junit.platform.engine.support.hierarchical.NodeTestTask.lambda$executeRecursively$9(NodeTestTask.java:139)
	at org.junit.platform.engine.support.hierarchical.ThrowableCollector.execute(ThrowableCollector.java:73)
	at org.junit.platform.engine.support.hierarchical.NodeTestTask.executeRecursively(NodeTestTask.java:138)
	at org.junit.platform.engine.support.hierarchical.NodeTestTask.execute(NodeTestTask.java:95)
	at java.base/java.util.ArrayList.forEach(ArrayList.java:1596)
	at org.junit.platform.engine.support.hierarchical.SameThreadHierarchicalTestExecutorService.invokeAll(SameThreadHierarchicalTestExecutorService.java:41)
	at org.junit.platform.engine.support.hierarchical.NodeTestTask.lambda$executeRecursively$6(NodeTestTask.java:155)
	at org.junit.platform.engine.support.hierarchical.ThrowableCollector.execute(ThrowableCollector.java:73)
	at org.junit.platform.engine.support.hierarchical.NodeTestTask.lambda$executeRecursively$8(NodeTestTask.java:141)
	at org.junit.platform.engine.support.hierarchical.Node.around(Node.java:137)
	at org.junit.platform.engine.support.hierarchical.NodeTestTask.lambda$executeRecursively$9(NodeTestTask.java:139)
	at org.junit.platform.engine.support.hierarchical.ThrowableCollector.execute(ThrowableCollector.java:73)
	at org.junit.platform.engine.support.hierarchical.NodeTestTask.executeRecursively(NodeTestTask.java:138)
	at org.junit.platform.engine.support.hierarchical.NodeTestTask.execute(NodeTestTask.java:95)
	at org.junit.platform.engine.support.hierarchical.SameThreadHierarchicalTestExecutorService.submit(SameThreadHierarchicalTestExecutorService.java:35)
	at org.junit.platform.engine.support.hierarchical.HierarchicalTestExecutor.execute(HierarchicalTestExecutor.java:57)
	at org.junit.platform.engine.support.hierarchical.HierarchicalTestEngine.execute(HierarchicalTestEngine.java:54)
	at org.junit.platform.launcher.core.EngineExecutionOrchestrator.execute(EngineExecutionOrchestrator.java:198)
	at org.junit.platform.launcher.core.EngineExecutionOrchestrator.execute(EngineExecutionOrchestrator.java:169)
	at org.junit.platform.launcher.core.EngineExecutionOrchestrator.execute(EngineExecutionOrchestrator.java:93)
	at org.junit.platform.launcher.core.EngineExecutionOrchestrator.lambda$execute$0(EngineExecutionOrchestrator.java:58)
	at org.junit.platform.launcher.core.EngineExecutionOrchestrator.withInterceptedStreams(EngineExecutionOrchestrator.java:141)
	at org.junit.platform.launcher.core.EngineExecutionOrchestrator.execute(EngineExecutionOrchestrator.java:57)
	at org.junit.platform.launcher.core.DefaultLauncher.execute(DefaultLauncher.java:103)
	at org.junit.platform.launcher.core.DefaultLauncher.execute(DefaultLauncher.java:85)
	at org.junit.platform.launcher.core.DelegatingLauncher.execute(DelegatingLauncher.java:47)
	at org.junit.platform.launcher.core.SessionPerRequestLauncher.execute(SessionPerRequestLauncher.java:63)
	at com.intellij.junit5.JUnit5IdeaTestRunner.startRunnerWithArgs(JUnit5IdeaTestRunner.java:66)
	at com.intellij.rt.junit.IdeaTestRunner$Repeater$1.execute(IdeaTestRunner.java:38)
	at com.intellij.rt.execution.junit.TestsRepeater.repeat(TestsRepeater.java:11)
	at com.intellij.rt.junit.IdeaTestRunner$Repeater.startRunnerWithArgs(IdeaTestRunner.java:35)
	at com.intellij.rt.junit.JUnitStarter.prepareStreamsAndStart(JUnitStarter.java:231)
	at com.intellij.rt.junit.JUnitStarter.main(JUnitStarter.java:55)
2025-11-11 21:40:15 [main] INFO  c.l.io.TabulatedFunctionFileWriter - Программа завершила свою работу.
2025-11-11 21:40:15 [main] INFO  c.lab7.dao.CompositeFunctionDAOTest - Подключаемся к H2 с эмуляцией PostgreSQL и создаём таблицы.
2025-11-11 21:40:15 [main] INFO  c.lab7.dao.CompositeFunctionDAOTest - Таблицы созданы, пользователи вставлены: 14, 15
2025-11-11 21:40:15 [main] INFO  c.lab7.dao.CompositeFunctionDAOTest - Тестируем создание, поиск, обновление и удаление CompositeFunction.
2025-11-11 21:40:15 [main] INFO  c.lab7.dao.CompositeFunctionDAOTest - Очищаем таблицы после каждого теста.
2025-11-11 21:40:15 [main] INFO  c.lab7.dao.CompositeFunctionDAOTest - Закрываем соединение.
2025-11-11 21:40:15 [main] INFO  c.lab7.dao.CompositeFunctionDAOTest - Подключаемся к H2 с эмуляцией PostgreSQL и создаём таблицы.
2025-11-11 21:40:15 [main] INFO  c.lab7.dao.CompositeFunctionDAOTest - Таблицы созданы, пользователи вставлены: 16, 17
2025-11-11 21:40:15 [main] INFO  c.lab7.dao.CompositeFunctionDAOTest - Очищаем таблицы после каждого теста.
2025-11-11 21:40:15 [main] INFO  c.lab7.dao.CompositeFunctionDAOTest - Закрываем соединение.
2025-11-11 21:40:15 [main] INFO  c.lab7.dao.CompositeFunctionDAOTest - Подключаемся к H2 с эмуляцией PostgreSQL и создаём таблицы.
2025-11-11 21:40:15 [main] INFO  c.lab7.dao.CompositeFunctionDAOTest - Таблицы созданы, пользователи вставлены: 18, 19
2025-11-11 21:40:15 [main] INFO  c.lab7.dao.CompositeFunctionDAOTest - Очищаем таблицы после каждого теста.
2025-11-11 21:40:15 [main] INFO  c.lab7.dao.CompositeFunctionDAOTest - Закрываем соединение.
2025-11-11 21:40:15 [main] INFO  c.lab7.dao.CompositeFunctionDAOTest - Подключаемся к H2 с эмуляцией PostgreSQL и создаём таблицы.
2025-11-11 21:40:15 [main] INFO  c.lab7.dao.CompositeFunctionDAOTest - Таблицы созданы, пользователи вставлены: 20, 21
2025-11-11 21:40:15 [main] INFO  c.lab7.dao.CompositeFunctionDAOTest - Очищаем таблицы после каждого теста.
2025-11-11 21:40:15 [main] INFO  c.lab7.dao.CompositeFunctionDAOTest - Закрываем соединение.
2025-11-11 21:40:15 [main] INFO  c.l.i.TabulatedFunctionFileOutputStream - Запущена программа записи табулированных функций из файла.
2025-11-11 21:40:15 [main] ERROR c.l.i.TabulatedFunctionFileOutputStream - Ошибка при записи в файлы.
java.io.FileNotFoundException: output\array function.bin (Системе не удается найти указанный путь)
	at java.base/java.io.FileOutputStream.open0(Native Method)
	at java.base/java.io.FileOutputStream.open(FileOutputStream.java:289)
	at java.base/java.io.FileOutputStream.<init>(FileOutputStream.java:230)
	at java.base/java.io.FileOutputStream.<init>(FileOutputStream.java:118)
	at com.lab7.io.TabulatedFunctionFileOutputStream.main(TabulatedFunctionFileOutputStream.java:17)
	at com.lab7.io.TabulatedFunctionFileOutputStreamTest.mainTest(TabulatedFunctionFileOutputStreamTest.java:8)
	at java.base/jdk.internal.reflect.DirectMethodHandleAccessor.invoke(DirectMethodHandleAccessor.java:103)
	at java.base/java.lang.reflect.Method.invoke(Method.java:580)
	at org.junit.platform.commons.util.ReflectionUtils.invokeMethod(ReflectionUtils.java:728)
	at org.junit.jupiter.engine.execution.MethodInvocation.proceed(MethodInvocation.java:60)
	at org.junit.jupiter.engine.execution.InvocationInterceptorChain$ValidatingInvocation.proceed(InvocationInterceptorChain.java:131)
	at org.junit.jupiter.engine.extension.TimeoutExtension.intercept(TimeoutExtension.java:156)
	at org.junit.jupiter.engine.extension.TimeoutExtension.interceptTestableMethod(TimeoutExtension.java:147)
	at org.junit.jupiter.engine.extension.TimeoutExtension.interceptTestMethod(TimeoutExtension.java:86)
	at org.junit.jupiter.engine.execution.InterceptingExecutableInvoker$ReflectiveInterceptorCall.lambda$ofVoidMethod$0(InterceptingExecutableInvoker.java:103)
	at org.junit.jupiter.engine.execution.InterceptingExecutableInvoker.lambda$invoke$0(InterceptingExecutableInvoker.java:93)
	at org.junit.jupiter.engine.execution.InvocationInterceptorChain$InterceptedInvocation.proceed(InvocationInterceptorChain.java:106)
	at org.junit.jupiter.engine.execution.InvocationInterceptorChain.proceed(InvocationInterceptorChain.java:64)
	at org.junit.jupiter.engine.execution.InvocationInterceptorChain.chainAndInvoke(InvocationInterceptorChain.java:45)
	at org.junit.jupiter.engine.execution.InvocationInterceptorChain.invoke(InvocationInterceptorChain.java:37)
	at org.junit.jupiter.engine.execution.InterceptingExecutableInvoker.invoke(InterceptingExecutableInvoker.java:92)
	at org.junit.jupiter.engine.execution.InterceptingExecutableInvoker.invoke(InterceptingExecutableInvoker.java:86)
	at org.junit.jupiter.engine.descriptor.TestMethodTestDescriptor.lambda$invokeTestMethod$7(TestMethodTestDescriptor.java:217)
	at org.junit.platform.engine.support.hierarchical.ThrowableCollector.execute(ThrowableCollector.java:73)
	at org.junit.jupiter.engine.descriptor.TestMethodTestDescriptor.invokeTestMethod(TestMethodTestDescriptor.java:213)
	at org.junit.jupiter.engine.descriptor.TestMethodTestDescriptor.execute(TestMethodTestDescriptor.java:138)
	at org.junit.jupiter.engine.descriptor.TestMethodTestDescriptor.execute(TestMethodTestDescriptor.java:68)
	at org.junit.platform.engine.support.hierarchical.NodeTestTask.lambda$executeRecursively$6(NodeTestTask.java:151)
	at org.junit.platform.engine.support.hierarchical.ThrowableCollector.execute(ThrowableCollector.java:73)
	at org.junit.platform.engine.support.hierarchical.NodeTestTask.lambda$executeRecursively$8(NodeTestTask.java:141)
	at org.junit.platform.engine.support.hierarchical.Node.around(Node.java:137)
	at org.junit.platform.engine.support.hierarchical.NodeTestTask.lambda$executeRecursively$9(NodeTestTask.java:139)
	at org.junit.platform.engine.support.hierarchical.ThrowableCollector.execute(ThrowableCollector.java:73)
	at org.junit.platform.engine.support.hierarchical.NodeTestTask.executeRecursively(NodeTestTask.java:138)
	at org.junit.platform.engine.support.hierarchical.NodeTestTask.execute(NodeTestTask.java:95)
	at java.base/java.util.ArrayList.forEach(ArrayList.java:1596)
	at org.junit.platform.engine.support.hierarchical.SameThreadHierarchicalTestExecutorService.invokeAll(SameThreadHierarchicalTestExecutorService.java:41)
	at org.junit.platform.engine.support.hierarchical.NodeTestTask.lambda$executeRecursively$6(NodeTestTask.java:155)
	at org.junit.platform.engine.support.hierarchical.ThrowableCollector.execute(ThrowableCollector.java:73)
	at org.junit.platform.engine.support.hierarchical.NodeTestTask.lambda$executeRecursively$8(NodeTestTask.java:141)
	at org.junit.platform.engine.support.hierarchical.Node.around(Node.java:137)
	at org.junit.platform.engine.support.hierarchical.NodeTestTask.lambda$executeRecursively$9(NodeTestTask.java:139)
	at org.junit.platform.engine.support.hierarchical.ThrowableCollector.execute(ThrowableCollector.java:73)
	at org.junit.platform.engine.support.hierarchical.NodeTestTask.executeRecursively(NodeTestTask.java:138)
	at org.junit.platform.engine.support.hierarchical.NodeTestTask.execute(NodeTestTask.java:95)
	at java.base/java.util.ArrayList.forEach(ArrayList.java:1596)
	at org.junit.platform.engine.support.hierarchical.SameThreadHierarchicalTestExecutorService.invokeAll(SameThreadHierarchicalTestExecutorService.java:41)
	at org.junit.platform.engine.support.hierarchical.NodeTestTask.lambda$executeRecursively$6(NodeTestTask.java:155)
	at org.junit.platform.engine.support.hierarchical.ThrowableCollector.execute(ThrowableCollector.java:73)
	at org.junit.platform.engine.support.hierarchical.NodeTestTask.lambda$executeRecursively$8(NodeTestTask.java:141)
	at org.junit.platform.engine.support.hierarchical.Node.around(Node.java:137)
	at org.junit.platform.engine.support.hierarchical.NodeTestTask.lambda$executeRecursively$9(NodeTestTask.java:139)
	at org.junit.platform.engine.support.hierarchical.ThrowableCollector.execute(ThrowableCollector.java:73)
	at org.junit.platform.engine.support.hierarchical.NodeTestTask.executeRecursively(NodeTestTask.java:138)
	at org.junit.platform.engine.support.hierarchical.NodeTestTask.execute(NodeTestTask.java:95)
	at org.junit.platform.engine.support.hierarchical.SameThreadHierarchicalTestExecutorService.submit(SameThreadHierarchicalTestExecutorService.java:35)
	at org.junit.platform.engine.support.hierarchical.HierarchicalTestExecutor.execute(HierarchicalTestExecutor.java:57)
	at org.junit.platform.engine.support.hierarchical.HierarchicalTestEngine.execute(HierarchicalTestEngine.java:54)
	at org.junit.platform.launcher.core.EngineExecutionOrchestrator.execute(EngineExecutionOrchestrator.java:198)
	at org.junit.platform.launcher.core.EngineExecutionOrchestrator.execute(EngineExecutionOrchestrator.java:169)
	at org.junit.platform.launcher.core.EngineExecutionOrchestrator.execute(EngineExecutionOrchestrator.java:93)
	at org.junit.platform.launcher.core.EngineExecutionOrchestrator.lambda$execute$0(EngineExecutionOrchestrator.java:58)
	at org.junit.platform.launcher.core.EngineExecutionOrchestrator.withInterceptedStreams(EngineExecutionOrchestrator.java:141)
	at org.junit.platform.launcher.core.EngineExecutionOrchestrator.execute(EngineExecutionOrchestrator.java:57)
	at org.junit.platform.launcher.core.DefaultLauncher.execute(DefaultLauncher.java:103)
	at org.junit.platform.launcher.core.DefaultLauncher.execute(DefaultLauncher.java:85)
	at org.junit.platform.launcher.core.DelegatingLauncher.execute(DelegatingLauncher.java:47)
	at org.junit.platform.launcher.core.SessionPerRequestLauncher.execute(SessionPerRequestLauncher.java:63)
	at com.intellij.junit5.JUnit5IdeaTestRunner.startRunnerWithArgs(JUnit5IdeaTestRunner.java:66)
	at com.intellij.rt.junit.IdeaTestRunner$Repeater$1.execute(IdeaTestRunner.java:38)
	at com.intellij.rt.execution.junit.TestsRepeater.repeat(TestsRepeater.java:11)
	at com.intellij.rt.junit.IdeaTestRunner$Repeater.startRunnerWithArgs(IdeaTestRunner.java:35)
	at com.intellij.rt.junit.JUnitStarter.prepareStreamsAndStart(JUnitStarter.java:231)
	at com.intellij.rt.junit.JUnitStarter.main(JUnitStarter.java:55)
2025-11-11 21:40:15 [main] INFO  c.l.i.TabulatedFunctionFileOutputStream - Программа завершила свою работу.
2025-11-11 21:40:15 [main] INFO  com.lab7.dao.PointsDAOTest - Подключаемся к H2 с эмуляцией PostgreSQL.
2025-11-11 21:40:15 [main] INFO  com.lab7.dao.PointsDAOTest - Создаём таблицы.
2025-11-11 21:40:15 [main] INFO  com.lab7.dao.PointsDAOTest - Таблицы созданы.
2025-11-11 21:40:15 [main] INFO  com.lab7.dao.PointsDAOTest - Создаём пользователя для БД.
2025-11-11 21:40:15 [main] INFO  com.lab7.dao.PointsDAOTest - Создаём функцию для БД.
2025-11-11 21:40:15 [main] INFO  com.lab7.dao.PointsDAOTest - Закрываем соединение после каждого теста.
2025-11-11 21:40:15 [main] INFO  com.lab7.dao.PointsDAOTest - Подключаемся к H2 с эмуляцией PostgreSQL.
2025-11-11 21:40:15 [main] INFO  com.lab7.dao.PointsDAOTest - Создаём таблицы.
2025-11-11 21:40:15 [main] INFO  com.lab7.dao.PointsDAOTest - Таблицы созданы.
2025-11-11 21:40:15 [main] INFO  com.lab7.dao.PointsDAOTest - Создаём пользователя для БД.
2025-11-11 21:40:15 [main] INFO  com.lab7.dao.PointsDAOTest - Создаём функцию для БД.
2025-11-11 21:40:15 [main] INFO  com.lab7.dao.PointsDAOTest - Тестируются создание в БД точек, поиск их по id, имени, изменение данных у них и удаление их из БД.
2025-11-11 21:40:15 [main] INFO  com.lab7.dao.PointsDAOTest - Закрываем соединение после каждого теста.
2025-11-11 21:40:15 [main] INFO  com.lab7.dao.PointsDAOTest - Подключаемся к H2 с эмуляцией PostgreSQL.
2025-11-11 21:40:15 [main] INFO  com.lab7.dao.PointsDAOTest - Создаём таблицы.
2025-11-11 21:40:15 [main] INFO  com.lab7.dao.PointsDAOTest - Таблицы созданы.
2025-11-11 21:40:15 [main] INFO  com.lab7.dao.PointsDAOTest - Создаём пользователя для БД.
2025-11-11 21:40:15 [main] INFO  com.lab7.dao.PointsDAOTest - Создаём функцию для БД.
2025-11-11 21:40:15 [main] INFO  com.lab7.dao.PointsDAOTest - Закрываем соединение после каждого теста.
2025-11-11 21:40:15 [main] INFO  com.lab7.dao.PointsDAOTest - Подключаемся к H2 с эмуляцией PostgreSQL.
2025-11-11 21:40:15 [main] INFO  com.lab7.dao.PointsDAOTest - Создаём таблицы.
2025-11-11 21:40:15 [main] INFO  com.lab7.dao.PointsDAOTest - Таблицы созданы.
2025-11-11 21:40:15 [main] INFO  com.lab7.dao.PointsDAOTest - Создаём пользователя для БД.
2025-11-11 21:40:15 [main] INFO  com.lab7.dao.PointsDAOTest - Создаём функцию для БД.
2025-11-11 21:40:15 [main] INFO  com.lab7.dao.PointsDAOTest - Закрываем соединение после каждого теста.
2025-11-11 21:40:15 [main] INFO  c.l.i.TabulatedFunctionFileInputStream - Запущена программа умножения ArrayTabulatedFunction в 2 раза.
2025-11-11 21:40:15 [main] INFO  c.l.i.TabulatedFunctionFileInputStream - Программа завершила свою работу.
2025-11-11 21:40:15 [main] INFO  com.lab7.dao.FunctionDAOTest - Подключаемся к H2 с эмуляцией PostgreSQL.
2025-11-11 21:40:15 [main] INFO  com.lab7.dao.FunctionDAOTest - Создаём таблицы.
2025-11-11 21:40:15 [main] INFO  com.lab7.dao.FunctionDAOTest - Таблицы созданы.
2025-11-11 21:40:15 [main] INFO  com.lab7.dao.FunctionDAOTest - Создаём пользователей для БД.
2025-11-11 21:40:15 [main] INFO  com.lab7.dao.FunctionDAOTest - Тестируются создание в БД функций, поиск их по id, имени, изменение данных у них и удаление их из БД.
2025-11-11 21:40:15 [main] INFO  com.lab7.dao.FunctionDAOTest - Закрываем соединение после каждого теста.
2025-11-11 21:40:15 [main] INFO  com.lab7.dao.FunctionDAOTest - Подключаемся к H2 с эмуляцией PostgreSQL.
2025-11-11 21:40:15 [main] INFO  com.lab7.dao.FunctionDAOTest - Создаём таблицы.
2025-11-11 21:40:15 [main] INFO  com.lab7.dao.FunctionDAOTest - Таблицы созданы.
2025-11-11 21:40:15 [main] INFO  com.lab7.dao.FunctionDAOTest - Создаём пользователей для БД.
2025-11-11 21:40:15 [main] INFO  com.lab7.dao.FunctionDAOTest - Закрываем соединение после каждого теста.
2025-11-11 21:40:15 [main] INFO  com.lab7.MapperTest - Запускаются тесты.
2025-11-11 21:40:15 [main] INFO  com.lab7.MapperTest - Тесты завершились.
2025-11-11 21:40:15 [main] INFO  c.l.i.TabulatedFunctionFileInputStream - Запущена программа сериализации и десериализации функции LinkedListTabulatedFunction.
2025-11-11 21:40:15 [main] ERROR c.l.i.TabulatedFunctionFileInputStream - Ошибка при сериализации.
2025-11-11 21:40:15 [main] ERROR c.l.i.TabulatedFunctionFileInputStream - Ошибка при десериализации.
2025-11-11 21:40:15 [main] INFO  c.l.i.TabulatedFunctionFileInputStream - Программа завершила свою работу.
2025-11-11 21:40:15 [main] INFO  c.l.i.TabulatedFunctionFileInputStream - Запущена программа сериализации и десериализации функции LinkedListTabulatedFunction.
2025-11-11 21:40:15 [main] ERROR c.l.i.TabulatedFunctionFileInputStream - Ошибка при сериализации.
2025-11-11 21:40:15 [main] ERROR c.l.i.TabulatedFunctionFileInputStream - Ошибка при десериализации.
2025-11-11 21:40:15 [main] INFO  c.l.i.TabulatedFunctionFileInputStream - Программа завершила свою работу.
